// 重构日志: 05189493
// 重构日志: 9593b50e
// 重构日志: b9a9b240
// 重构日志: 4e433630
// 重构日志: efc82f1b
// 重构日志: 26b5fe41
// 重构日志: 007f8802
// 重构日志: 56a8b254
// 同步 ID: fe7b8f96 @ Sat Jul 25 16:20:20 UTC 2026
// 重构日志: 3efcfdce
// 重构日志: 4e9fae3f
// 重构日志: 31b8544c
// 重构日志: 0bb372e7
// 重构日志: 17a0c55b
// 同步 ID: b524bb63 @ Thu Jul 30 13:37:48 UTC 2026
// 重构日志: 664f773c
// 重构日志: f9751b3b
// 同步 ID: 74633c60 @ Sat Aug  1 11:08:23 UTC 2026
// 重构日志: ce5d3cc3
// 同步 ID: 8c0d4f18 @ Sat Aug  1 14:54:00 UTC 2026
// 重构日志: 29bf3dd9
// 重构日志: 608a8cd4
// 重构日志: 94621995
// 重构日志: 78279028
// 重构日志: 1d853d91
// 重构日志: 3334b6e2
// 重构日志: bdf12ce2
// 重构日志: 150a78c7
// 同步 ID: fcbe5aca @ Tue Aug  4 17:54:41 UTC 2026
// 同步 ID: ce5057d7 @ Wed Aug  5 04:58:16 UTC 2026
// 重构日志: ce388252
